---
source: src/provider/imap/proto.rs
assertion_line: 1222
expression: m2
---
GmailMeta {
    msgid: Some(
        1912345678901234588,
    ),
    thrid: Some(
        1912345678901234001,
    ),
    labels: [
        "\\Starred",
        "Büro",
        "🧾 Receipts",
    ],
    modseq: Some(
        89130,
    ),
}
